%!Adobe-FontList 1.14
%Locale:0x409

%BeginFont
Handler:DirectoryHandler
FontType:TrueType
FontName:Courier
FamilyName:Courier
StyleName:Regular
MenuName:Courier
StyleBits:0
WeightClass:400
WidthClass:5
AngleClass:0
FullName:Courier
WritingScript:Roman
OutlineFileName:\Courier.dfont
DataFormat:sfntResource
ResourceID:24011
FileLength:1342469
FileModTime:1342898674
%EndFont

%BeginFont
Handler:DirectoryHandler
FontType:TrueType
FontName:Courier-Bold
FamilyName:Courier
StyleName:Bold
MenuName:Courier
StyleBits:2
WeightClass:700
WidthClass:5
AngleClass:0
FullName:Courier Bold
WritingScript:Roman
OutlineFileName:\Courier.dfont
DataFormat:sfntResource
ResourceID:27224
FileLength:1342469
FileModTime:1342898674
%EndFont

%BeginFont
Handler:DirectoryHandler
FontType:TrueType
FontName:Courier-Oblique
FamilyName:Courier
StyleName:Oblique
MenuName:Courier
StyleBits:1
WeightClass:400
WidthClass:5
AngleClass:1
FullName:Courier Oblique
WritingScript:Roman
OutlineFileName:\Courier.dfont
DataFormat:sfntResource
ResourceID:12456
FileLength:1342469
FileModTime:1342898674
%EndFont

%BeginFont
Handler:DirectoryHandler
FontType:TrueType
FontName:Courier-BoldOblique
FamilyName:Courier
StyleName:Bold Oblique
MenuName:Courier
StyleBits:3
WeightClass:700
WidthClass:5
AngleClass:1
FullName:Courier Bold Oblique
WritingScript:Roman
OutlineFileName:\Courier.dfont
DataFormat:sfntResource
ResourceID:28062
FileLength:1342469
FileModTime:1342898674
%EndFont

%BeginFont
Handler:DirectoryHandler
FontType:Suitcase
FontName:Courier
OutlineFileName:\Courier.dfont
ResourceID:22
MacStyle:0
FileLength:1342469
FileModTime:1342898674
%EndFont

%BeginFont
Handler:DirectoryHandler
FontType:Suitcase
FontName:Courier-Bold
OutlineFileName:\Courier.dfont
ResourceID:22
MacStyle:1
FileLength:1342469
FileModTime:1342898674
%EndFont

%BeginFont
Handler:DirectoryHandler
FontType:Suitcase
FontName:Courier-Oblique
OutlineFileName:\Courier.dfont
ResourceID:22
MacStyle:2
FileLength:1342469
FileModTime:1342898674
%EndFont

%BeginFont
Handler:DirectoryHandler
FontType:Suitcase
FontName:Courier-BoldOblique
OutlineFileName:\Courier.dfont
ResourceID:22
MacStyle:3
FileLength:1342469
FileModTime:1342898674
%EndFont

%BeginFont
Handler:DirectoryHandler
FontType:TrueType
FontName:Futura-Medium
FamilyName:Futura
StyleName:Medium
MenuName:Futura
StyleBits:0
WeightClass:500
WidthClass:5
AngleClass:0
FullName:Futura Medium
WritingScript:Roman
OutlineFileName:\Futura.ttc
TTCOffset:40
DataFormat:sfntData
FileLength:315748
FileModTime:1406660862
%EndFont

%BeginFont
Handler:DirectoryHandler
FontType:TrueType
FontName:Futura-MediumItalic
FamilyName:Futura
StyleName:Medium Italic
MenuName:Futura
StyleBits:1
WeightClass:500
WidthClass:5
AngleClass:1
FullName:Futura Medium Italic
WritingScript:Roman
OutlineFileName:\Futura.ttc
TTCOffset:340
DataFormat:sfntData
FileLength:315748
FileModTime:1406660862
%EndFont

%BeginFont
Handler:DirectoryHandler
FontType:TrueType
FontName:Futura-CondensedMedium
FamilyName:Futura
StyleName:Condensed Medium
MenuName:Futura
StyleBits:0
WeightClass:500
WidthClass:3
AngleClass:0
FullName:Futura Condensed Medium
WritingScript:Roman
OutlineFileName:\Futura.ttc
TTCOffset:624
DataFormat:sfntData
FileLength:315748
FileModTime:1406660862
%EndFont

%BeginFont
Handler:DirectoryHandler
FontType:TrueType
FontName:Futura-CondensedExtraBold
FamilyName:Futura
StyleName:Condensed ExtraBold
MenuName:Futura
StyleBits:2
WeightClass:800
WidthClass:3
AngleClass:0
FullName:Futura Condensed ExtraBold
WritingScript:Roman
OutlineFileName:\Futura.ttc
TTCOffset:908
DataFormat:sfntData
FileLength:315748
FileModTime:1406660862
%EndFont

%BeginFont
Handler:DirectoryHandler
FontType:Type1
FontName:MinionPro-Regular
FamilyName:Minion Pro
StyleName:Regular
MenuName:Minion Pro
StyleBits:0
WeightClass:400
WidthClass:5
AngleClass:0
FullName:Minion Pro
WritingScript:Roman
OutlineFileName:\MinionPro-Regular.otf
DataFormat:sfntData
UsesStandardEncoding:yes
isCFF:yes
FileLength:217280
FileModTime:1391792968
DesignSize:110
%EndFont

%BeginFont
Handler:DirectoryHandler
FontType:TrueType
FontName:TimesNewRomanPSMT
FamilyName:Times New Roman
StyleName:Regular
MenuName:Times New Roman
StyleBits:0
WeightClass:400
WidthClass:5
AngleClass:0
FullName:Times New Roman
WritingScript:Roman
OutlineFileName:\Times New Roman.ttf
DataFormat:sfntData
FileLength:834452
FileModTime:1440788754
%EndFont

